// Jest Snapshot v1, https://goo.gl/fbAQLP

exports[`shallow vs mount shallow 1`] = `ShallowWrapper {}`;
